// Jest Snapshot v1, https://goo.gl/fbAQLP

exports[`DeviceCard component user should see device image 1`] = `"<img src=\\"device.jpg\\" width=\\"158\\" height=\\"200\\" alt=\\"iPhone\\" class=\\"Image__StyledImage-b16p20-0 cNmOoM\\"><div style=\\"text-align:left\\" class=\\"sc-bdvvtL hgLkkr\\"><h2 data-testid=\\"heading\\" class=\\"Heading__StyledHeading-mpz92r-0 kwSJnX\\"></h2><p class=\\"Paragraph__StyledParagraph-efl81j-0 iuGNvs\\"></p></div><div class=\\"sc-bdvvtL iEjIjW sc-gsDKAQ UcpVv sc-gsDKAQ UcpVv\\"><div class=\\"sc-bdvvtL ipXlaM\\"><div class=\\"PriceLockup__StyledRateTextWrapper-crmhv4-4 inieGs\\"><div class=\\"sc-bdvvtL chLtDX sc-dkPtRN gPiEds sc-dkPtRN gPiEds\\"><div class=\\"sc-bdvvtL chLtDX\\"><span aria-hidden=\\"false\\" data-testid=\\"dollarSign\\" class=\\"PriceLockup__StyledDollarSign-crmhv4-2 bsmnqF\\">$</span><span data-testid=\\"priceValue\\" aria-hidden=\\"false\\" class=\\"PriceLockup__StyledPriceValue-crmhv4-1 pjRFu\\"></span><span data-testid=\\"priceValue\\" class=\\"PriceLockup__StyledPriceValue-crmhv4-1 pjRFu\\"><span class=\\"Text__StyledText-sc-1m0rr67-0 sc-hKwDye fMvSxW dlaLOW\\"></span></span></div></div></div></div></div><div class=\\"sc-bdvvtL bBQzKm\\"><hr class=\\"HairlineDivider__StyledHairlineDivider-biamlk-0 BvZCb\\"></div><p class=\\"Paragraph__StyledParagraph-efl81j-0 jukEfT\\">TELUS Easy Payment and Bring-It-Back applied. Read legal footnote Taxes due upfront.</p>"`;

exports[`DeviceCard component user should see device information 1`] = `"<img width=\\"158\\" height=\\"200\\" alt=\\"iPhone\\" class=\\"Image__StyledImage-b16p20-0 cNmOoM\\"><div style=\\"text-align:left\\" class=\\"sc-bdvvtL hgLkkr\\"><h2 data-testid=\\"heading\\" class=\\"Heading__StyledHeading-mpz92r-0 kwSJnX\\">HUAWEI</h2><p class=\\"Paragraph__StyledParagraph-efl81j-0 iuGNvs\\">P30 Lite</p></div><div class=\\"sc-bdvvtL iEjIjW sc-gsDKAQ UcpVv sc-gsDKAQ UcpVv\\"><div class=\\"sc-bdvvtL ipXlaM\\"><div class=\\"PriceLockup__StyledRateTextWrapper-crmhv4-4 inieGs\\"><div class=\\"sc-bdvvtL chLtDX sc-dkPtRN gPiEds sc-dkPtRN gPiEds\\"><div class=\\"sc-bdvvtL chLtDX\\"><span aria-hidden=\\"false\\" data-testid=\\"dollarSign\\" class=\\"PriceLockup__StyledDollarSign-crmhv4-2 bsmnqF\\">$</span><span data-testid=\\"priceValue\\" aria-hidden=\\"false\\" class=\\"PriceLockup__StyledPriceValue-crmhv4-1 pjRFu\\">519.58</span><span data-testid=\\"priceValue\\" class=\\"PriceLockup__StyledPriceValue-crmhv4-1 pjRFu\\"><span class=\\"Text__StyledText-sc-1m0rr67-0 sc-hKwDye fMvSxW dlaLOW\\"></span></span></div></div></div></div></div><div class=\\"sc-bdvvtL bBQzKm\\"><hr class=\\"HairlineDivider__StyledHairlineDivider-biamlk-0 BvZCb\\"></div><p class=\\"Paragraph__StyledParagraph-efl81j-0 jukEfT\\">TELUS Easy Payment and Bring-It-Back applied. Read legal footnote Taxes due upfront.</p>"`;
