// Jest Snapshot v1, https://goo.gl/fbAQLP

exports[`Home page should render page with 2 links 1`] = `"<div class=\\"sc-bdvvtL eDFccf\\"><section><h1 data-testid=\\"heading\\" class=\\"Heading__StyledHeading-mpz92r-0 fflItf\\">Device Catalogue</h1><div class=\\"sc-gsDKAQ sDFez\\"><div class=\\"FlexGrid__StyledGrid-sc-1da2tb5-0 tOBOA\\"><div class=\\"Row__StyledRow-sc-1goz0ht-0 eqQOmX\\"><div class=\\"Col__StyledCol-sc-15yvjc7-0 grnvOE\\"><div class=\\"sc-gsDKAQ dmSNiX\\"><div class=\\"sc-gsDKAQ jDAoVC sc-eCImPb chCNZB sc-eCImPb chCNZB\\"><div class=\\"Row__StyledRow-sc-1goz0ht-0 eqQOmX\\"><h2 data-testid=\\"heading\\" class=\\"Heading__StyledHeading-mpz92r-0 hhjxPT\\">iPhones</h2></div><div class=\\"Row__StyledRow-sc-1goz0ht-0 eqQOmX\\"><div class=\\"sc-gsDKAQ ipeOsr\\"><img src=\\"\\" width=\\"158\\" height=\\"200\\" alt=\\"iPhone\\" class=\\"Image__StyledImage-b16p20-0 cNmOoM\\"></div></div><div class=\\"Row__StyledRow-sc-1goz0ht-0 eqQOmX\\"><a rank=\\"common\\" href=\\"/iphones\\" variant=\\"primary\\" class=\\"Button__StyledButton-sa7xo3-0 sc-gKclnd cTcNeS dWvYeV\\"><span>Shop <span class=\\"A11yContent__StyledA11yContent-sc-15wexwk-0 ftzZHp\\">iPhones</span>Now</span></a></div></div></div></div><div class=\\"Col__StyledCol-sc-15yvjc7-0 grnvOE\\"><div class=\\"sc-gsDKAQ dmSNiX\\"><div class=\\"sc-gsDKAQ jDAoVC sc-eCImPb chCNZB sc-eCImPb chCNZB\\"><div class=\\"Row__StyledRow-sc-1goz0ht-0 eqQOmX\\"><h2 data-testid=\\"heading\\" class=\\"Heading__StyledHeading-mpz92r-0 hhjxPT\\">Watches</h2></div><div class=\\"Row__StyledRow-sc-1goz0ht-0 eqQOmX\\"><div class=\\"sc-gsDKAQ ipeOsr\\"><img src=\\"\\" width=\\"160\\" height=\\"200\\" alt=\\"watch\\" class=\\"Image__StyledImage-b16p20-0 cNmOoM\\"></div></div><div class=\\"Row__StyledRow-sc-1goz0ht-0 eqQOmX\\"><a rank=\\"common\\" href=\\"/watches\\" variant=\\"primary\\" class=\\"Button__StyledButton-sa7xo3-0 sc-gKclnd cTcNeS dWvYeV\\"><span>Shop <span class=\\"A11yContent__StyledA11yContent-sc-15wexwk-0 ftzZHp\\">watches</span>Now</span></a></div></div></div></div></div></div></div></section></div>"`;
