// Jest Snapshot v1, https://goo.gl/fbAQLP

exports[`Device Card renders correctly with props 1`] = `"<div class=\\"sc-bdfBQB jzdNVf\\"><div class=\\"Row__StyledRow-sc-1goz0ht-0 cbrPva\\"><div class=\\"Col__StyledCol-sc-15yvjc7-0 fPSiAN\\"><div class=\\"sc-bdfBQB cXMDiG sc-hKgJUU eocGKl sc-hKgJUU eocGKl\\"><div class=\\"Row__StyledRow-sc-1goz0ht-0 dkMqEl\\"><div class=\\"sc-bdfBQB hDaciT\\"><h1 data-testid=\\"heading\\" class=\\"Heading__StyledHeading-mpz92r-0 wprAR\\">iPhones</h1></div></div><div class=\\"Row__StyledRow-sc-1goz0ht-0 dkMqEl\\"><img src=\\"public/images/iphone.jpg\\" width=\\"191\\" height=\\"238\\" alt=\\"Image of a watch\\" class=\\"Image__StyledImage-b16p20-0 DCldW\\"></div><div class=\\"Row__StyledRow-sc-1goz0ht-0 dkMqEl\\"><div class=\\"sc-bdfBQB izRkDg\\"><a href=\\"/iphones\\" class=\\"Button__StyledButton-sa7xo3-0 sc-jSgvzq fPEGeE klvbyh\\"><span>Shop <span class=\\"A11yContent__StyledA11yContent-sc-15wexwk-0 jolBxv\\">iPhones</span>Now</span></a></div></div></div></div><div class=\\"Col__StyledCol-sc-15yvjc7-0 fPSiAN\\"><div class=\\"sc-bdfBQB cXMDiG sc-hKgJUU eocGKl sc-hKgJUU eocGKl\\"><div class=\\"Row__StyledRow-sc-1goz0ht-0 dkMqEl\\"><div class=\\"sc-bdfBQB hDaciT\\"><h1 data-testid=\\"heading\\" class=\\"Heading__StyledHeading-mpz92r-0 wprAR\\">Watches</h1></div></div><div class=\\"Row__StyledRow-sc-1goz0ht-0 dkMqEl\\"><img src=\\"public/images/watch.jpg\\" width=\\"191\\" height=\\"238\\" alt=\\"Image of a watch\\" class=\\"Image__StyledImage-b16p20-0 DCldW\\"></div><div class=\\"Row__StyledRow-sc-1goz0ht-0 dkMqEl\\"><div class=\\"sc-bdfBQB izRkDg\\"><a href=\\"/watches\\" class=\\"Button__StyledButton-sa7xo3-0 sc-jSgvzq fPEGeE klvbyh\\"><span>Shop <span class=\\"A11yContent__StyledA11yContent-sc-15wexwk-0 jolBxv\\">watches</span>Now</span></a></div></div></div></div></div></div>"`;
