// Jest Snapshot v1, https://goo.gl/fbAQLP

exports[`Device Grid renders correctly with props for iphone devices 1`] = `"<div class=\\"FlexGrid__StyledGrid-sc-1da2tb5-0 tOBOA\\"><div class=\\"Row__StyledRow-sc-1goz0ht-0 eqQOmX\\"><div class=\\"Col__StyledCol-sc-15yvjc7-0 cFUOhb\\"><div class=\\"sc-bdvvtL iRVQej\\"><div class=\\"sc-bdvvtL bzuMLt sc-hKwDye klxlDh sc-hKwDye klxlDh\\"><div class=\\"sc-bdvvtL iEjIjW\\"><div class=\\"sc-bdvvtL eCDRPO\\"><img src=\\"../public/images/iphone.jpg\\" width=\\"200\\" height=\\"300\\" alt=\\"Image of an IPhone\\" class=\\"Image__StyledImage-b16p20-0 cNmOoM\\"></div><div class=\\"sc-bdvvtL ipXlaM sc-pVTFL eoipii sc-pVTFL eoipii\\"><span data-testid=\\"heading\\" class=\\"Heading__StyledHeading-mpz92r-0 kwSJnX\\">Apple</span><span class=\\"sc-jrQzAO bBBXUK\\">iPhone 12 Pro</span></div><div class=\\"sc-bdvvtL iEjIjW sc-jRQBWg iapZSH sc-jRQBWg iapZSH\\"><div class=\\"sc-bdvvtL ipXlaM\\"><div class=\\"PriceLockup__StyledRateTextWrapper-crmhv4-4 inieGs\\"><div class=\\"sc-bdvvtL chLtDX sc-gKclnd gQsEUy sc-gKclnd gQsEUy\\"><div class=\\"sc-bdvvtL chLtDX\\"><span aria-hidden=\\"false\\" data-testid=\\"dollarSign\\" class=\\"PriceLockup__StyledDollarSign-crmhv4-2 bsmnqF\\">$</span><span data-testid=\\"priceValue\\" aria-hidden=\\"false\\" class=\\"PriceLockup__StyledPriceValue-crmhv4-1 pjRFu\\">1399</span><span data-testid=\\"priceValue\\" class=\\"PriceLockup__StyledPriceValue-crmhv4-1 pjRFu\\"><span class=\\"Text__StyledText-sc-1m0rr67-0 sc-iCfMLu fMvSxW fqtOUC\\"></span></span></div></div></div></div></div></div><div class=\\"sc-bdvvtL iaciPl\\"><hr class=\\"HairlineDivider__StyledHairlineDivider-biamlk-0 BvZCb\\"><p class=\\"Paragraph__StyledParagraph-efl81j-0 jukEfT\\">TELUS Easy Payment and Bring-It-Back applied. Read legal footnote Taxes due upfront.</p></div></div></div></div><div class=\\"Col__StyledCol-sc-15yvjc7-0 cFUOhb\\"><div class=\\"sc-bdvvtL iRVQej\\"><div class=\\"sc-bdvvtL bzuMLt sc-hKwDye klxlDh sc-hKwDye klxlDh\\"><div class=\\"sc-bdvvtL iEjIjW\\"><div class=\\"sc-bdvvtL eCDRPO\\"><img src=\\"../public/images/iphone.jpg\\" width=\\"200\\" height=\\"300\\" alt=\\"Image of an IPhone\\" class=\\"Image__StyledImage-b16p20-0 cNmOoM\\"></div><div class=\\"sc-bdvvtL ipXlaM sc-pVTFL eoipii sc-pVTFL eoipii\\"><span data-testid=\\"heading\\" class=\\"Heading__StyledHeading-mpz92r-0 kwSJnX\\">Apple</span><span class=\\"sc-jrQzAO bBBXUK\\">iPhone 12</span></div><div class=\\"sc-bdvvtL iEjIjW sc-jRQBWg iapZSH sc-jRQBWg iapZSH\\"><div class=\\"sc-bdvvtL ipXlaM\\"><div class=\\"PriceLockup__StyledRateTextWrapper-crmhv4-4 inieGs\\"><div class=\\"sc-bdvvtL chLtDX sc-gKclnd gQsEUy sc-gKclnd gQsEUy\\"><div class=\\"sc-bdvvtL chLtDX\\"><span aria-hidden=\\"false\\" data-testid=\\"dollarSign\\" class=\\"PriceLockup__StyledDollarSign-crmhv4-2 bsmnqF\\">$</span><span data-testid=\\"priceValue\\" aria-hidden=\\"false\\" class=\\"PriceLockup__StyledPriceValue-crmhv4-1 pjRFu\\">979</span><span data-testid=\\"priceValue\\" class=\\"PriceLockup__StyledPriceValue-crmhv4-1 pjRFu\\"><span class=\\"Text__StyledText-sc-1m0rr67-0 sc-iCfMLu fMvSxW fqtOUC\\"></span></span></div></div></div></div></div></div><div class=\\"sc-bdvvtL iaciPl\\"><hr class=\\"HairlineDivider__StyledHairlineDivider-biamlk-0 BvZCb\\"><p class=\\"Paragraph__StyledParagraph-efl81j-0 jukEfT\\">TELUS Easy Payment and Bring-It-Back applied. Read legal footnote Taxes due upfront.</p></div></div></div></div><div class=\\"Col__StyledCol-sc-15yvjc7-0 cFUOhb\\"><div class=\\"sc-bdvvtL iRVQej\\"><div class=\\"sc-bdvvtL bzuMLt sc-hKwDye klxlDh sc-hKwDye klxlDh\\"><div class=\\"sc-bdvvtL iEjIjW\\"><div class=\\"sc-bdvvtL eCDRPO\\"><img src=\\"../public/images/iphone.jpg\\" width=\\"200\\" height=\\"300\\" alt=\\"Image of an IPhone\\" class=\\"Image__StyledImage-b16p20-0 cNmOoM\\"></div><div class=\\"sc-bdvvtL ipXlaM sc-pVTFL eoipii sc-pVTFL eoipii\\"><span data-testid=\\"heading\\" class=\\"Heading__StyledHeading-mpz92r-0 kwSJnX\\">Apple</span><span class=\\"sc-jrQzAO bBBXUK\\">iPhone SE</span></div><div class=\\"sc-bdvvtL iEjIjW sc-jRQBWg iapZSH sc-jRQBWg iapZSH\\"><div class=\\"sc-bdvvtL ipXlaM\\"><div class=\\"PriceLockup__StyledRateTextWrapper-crmhv4-4 inieGs\\"><div class=\\"sc-bdvvtL chLtDX sc-gKclnd gQsEUy sc-gKclnd gQsEUy\\"><div class=\\"sc-bdvvtL chLtDX\\"><span aria-hidden=\\"false\\" data-testid=\\"dollarSign\\" class=\\"PriceLockup__StyledDollarSign-crmhv4-2 bsmnqF\\">$</span><span data-testid=\\"priceValue\\" aria-hidden=\\"false\\" class=\\"PriceLockup__StyledPriceValue-crmhv4-1 pjRFu\\">599</span><span data-testid=\\"priceValue\\" class=\\"PriceLockup__StyledPriceValue-crmhv4-1 pjRFu\\"><span class=\\"Text__StyledText-sc-1m0rr67-0 sc-iCfMLu fMvSxW fqtOUC\\"></span></span></div></div></div></div></div></div><div class=\\"sc-bdvvtL iaciPl\\"><hr class=\\"HairlineDivider__StyledHairlineDivider-biamlk-0 BvZCb\\"><p class=\\"Paragraph__StyledParagraph-efl81j-0 jukEfT\\">TELUS Easy Payment and Bring-It-Back applied. Read legal footnote Taxes due upfront.</p></div></div></div></div></div></div>"`;

exports[`Device Grid renders correctly with props for watch devices 1`] = `"<div class=\\"FlexGrid__StyledGrid-sc-1da2tb5-0 tOBOA\\"><div class=\\"Row__StyledRow-sc-1goz0ht-0 eqQOmX\\"><div class=\\"Col__StyledCol-sc-15yvjc7-0 cFUOhb\\"><div class=\\"sc-bdvvtL iRVQej\\"><div class=\\"sc-bdvvtL bzuMLt sc-hKwDye klxlDh sc-hKwDye klxlDh\\"><div class=\\"sc-bdvvtL iEjIjW\\"><div class=\\"sc-bdvvtL eCDRPO\\"><img src=\\"../public/images/watch.jpg\\" width=\\"200\\" height=\\"300\\" alt=\\"Image of an IPhone\\" class=\\"Image__StyledImage-b16p20-0 cNmOoM\\"></div><div class=\\"sc-bdvvtL ipXlaM sc-pVTFL eoipii sc-pVTFL eoipii\\"><span data-testid=\\"heading\\" class=\\"Heading__StyledHeading-mpz92r-0 kwSJnX\\">Apple</span><span class=\\"sc-jrQzAO bBBXUK\\">Apple Watch Series 6</span></div><div class=\\"sc-bdvvtL iEjIjW sc-jRQBWg iapZSH sc-jRQBWg iapZSH\\"><div class=\\"sc-bdvvtL ipXlaM\\"><div class=\\"PriceLockup__StyledRateTextWrapper-crmhv4-4 inieGs\\"><div class=\\"sc-bdvvtL chLtDX sc-gKclnd gQsEUy sc-gKclnd gQsEUy\\"><div class=\\"sc-bdvvtL chLtDX\\"><span aria-hidden=\\"false\\" data-testid=\\"dollarSign\\" class=\\"PriceLockup__StyledDollarSign-crmhv4-2 bsmnqF\\">$</span><span data-testid=\\"priceValue\\" aria-hidden=\\"false\\" class=\\"PriceLockup__StyledPriceValue-crmhv4-1 pjRFu\\">529</span><span data-testid=\\"priceValue\\" class=\\"PriceLockup__StyledPriceValue-crmhv4-1 pjRFu\\"><span class=\\"Text__StyledText-sc-1m0rr67-0 sc-iCfMLu fMvSxW fqtOUC\\"></span></span></div></div></div></div></div></div><div class=\\"sc-bdvvtL iaciPl\\"><hr class=\\"HairlineDivider__StyledHairlineDivider-biamlk-0 BvZCb\\"><p class=\\"Paragraph__StyledParagraph-efl81j-0 jukEfT\\">TELUS Easy Payment and Bring-It-Back applied. Read legal footnote Taxes due upfront.</p></div></div></div></div><div class=\\"Col__StyledCol-sc-15yvjc7-0 cFUOhb\\"><div class=\\"sc-bdvvtL iRVQej\\"><div class=\\"sc-bdvvtL bzuMLt sc-hKwDye klxlDh sc-hKwDye klxlDh\\"><div class=\\"sc-bdvvtL iEjIjW\\"><div class=\\"sc-bdvvtL eCDRPO\\"><img src=\\"../public/images/watch.jpg\\" width=\\"200\\" height=\\"300\\" alt=\\"Image of an IPhone\\" class=\\"Image__StyledImage-b16p20-0 cNmOoM\\"></div><div class=\\"sc-bdvvtL ipXlaM sc-pVTFL eoipii sc-pVTFL eoipii\\"><span data-testid=\\"heading\\" class=\\"Heading__StyledHeading-mpz92r-0 kwSJnX\\">Apple</span><span class=\\"sc-jrQzAO bBBXUK\\">Apple Watch SE</span></div><div class=\\"sc-bdvvtL iEjIjW sc-jRQBWg iapZSH sc-jRQBWg iapZSH\\"><div class=\\"sc-bdvvtL ipXlaM\\"><div class=\\"PriceLockup__StyledRateTextWrapper-crmhv4-4 inieGs\\"><div class=\\"sc-bdvvtL chLtDX sc-gKclnd gQsEUy sc-gKclnd gQsEUy\\"><div class=\\"sc-bdvvtL chLtDX\\"><span aria-hidden=\\"false\\" data-testid=\\"dollarSign\\" class=\\"PriceLockup__StyledDollarSign-crmhv4-2 bsmnqF\\">$</span><span data-testid=\\"priceValue\\" aria-hidden=\\"false\\" class=\\"PriceLockup__StyledPriceValue-crmhv4-1 pjRFu\\">369</span><span data-testid=\\"priceValue\\" class=\\"PriceLockup__StyledPriceValue-crmhv4-1 pjRFu\\"><span class=\\"Text__StyledText-sc-1m0rr67-0 sc-iCfMLu fMvSxW fqtOUC\\"></span></span></div></div></div></div></div></div><div class=\\"sc-bdvvtL iaciPl\\"><hr class=\\"HairlineDivider__StyledHairlineDivider-biamlk-0 BvZCb\\"><p class=\\"Paragraph__StyledParagraph-efl81j-0 jukEfT\\">TELUS Easy Payment and Bring-It-Back applied. Read legal footnote Taxes due upfront.</p></div></div></div></div><div class=\\"Col__StyledCol-sc-15yvjc7-0 cFUOhb\\"><div class=\\"sc-bdvvtL iRVQej\\"><div class=\\"sc-bdvvtL bzuMLt sc-hKwDye klxlDh sc-hKwDye klxlDh\\"><div class=\\"sc-bdvvtL iEjIjW\\"><div class=\\"sc-bdvvtL eCDRPO\\"><img src=\\"../public/images/watch.jpg\\" width=\\"200\\" height=\\"300\\" alt=\\"Image of an IPhone\\" class=\\"Image__StyledImage-b16p20-0 cNmOoM\\"></div><div class=\\"sc-bdvvtL ipXlaM sc-pVTFL eoipii sc-pVTFL eoipii\\"><span data-testid=\\"heading\\" class=\\"Heading__StyledHeading-mpz92r-0 kwSJnX\\">Apple</span><span class=\\"sc-jrQzAO bBBXUK\\">Apple Watch Series 3</span></div><div class=\\"sc-bdvvtL iEjIjW sc-jRQBWg iapZSH sc-jRQBWg iapZSH\\"><div class=\\"sc-bdvvtL ipXlaM\\"><div class=\\"PriceLockup__StyledRateTextWrapper-crmhv4-4 inieGs\\"><div class=\\"sc-bdvvtL chLtDX sc-gKclnd gQsEUy sc-gKclnd gQsEUy\\"><div class=\\"sc-bdvvtL chLtDX\\"><span aria-hidden=\\"false\\" data-testid=\\"dollarSign\\" class=\\"PriceLockup__StyledDollarSign-crmhv4-2 bsmnqF\\">$</span><span data-testid=\\"priceValue\\" aria-hidden=\\"false\\" class=\\"PriceLockup__StyledPriceValue-crmhv4-1 pjRFu\\">259</span><span data-testid=\\"priceValue\\" class=\\"PriceLockup__StyledPriceValue-crmhv4-1 pjRFu\\"><span class=\\"Text__StyledText-sc-1m0rr67-0 sc-iCfMLu fMvSxW fqtOUC\\"></span></span></div></div></div></div></div></div><div class=\\"sc-bdvvtL iaciPl\\"><hr class=\\"HairlineDivider__StyledHairlineDivider-biamlk-0 BvZCb\\"><p class=\\"Paragraph__StyledParagraph-efl81j-0 jukEfT\\">TELUS Easy Payment and Bring-It-Back applied. Read legal footnote Taxes due upfront.</p></div></div></div></div></div></div>"`;
