// Jest Snapshot v1, https://goo.gl/fbAQLP

exports[`Device Card does not render if device is empty 1`] = `""`;

exports[`Device Card renders correctly with props 1`] = `"<div class=\\"sc-bdvvtL bzuMLt sc-hKwDye klxlDh sc-hKwDye klxlDh\\"><div class=\\"sc-bdvvtL iEjIjW\\"><div class=\\"sc-bdvvtL eCDRPO\\"><img src=\\"../public/images/watch.jpg\\" width=\\"200\\" height=\\"300\\" alt=\\"Watch image\\" class=\\"Image__StyledImage-b16p20-0 cNmOoM\\"></div><div class=\\"sc-bdvvtL ipXlaM sc-pVTFL eoipii sc-pVTFL eoipii\\"><span data-testid=\\"heading\\" class=\\"Heading__StyledHeading-mpz92r-0 kwSJnX\\">Apple</span><span class=\\"sc-jrQzAO bBBXUK\\">Apple Watch Series 3</span></div><div class=\\"sc-bdvvtL iEjIjW sc-jRQBWg iapZSH sc-jRQBWg iapZSH\\"><div class=\\"sc-bdvvtL ipXlaM\\"><div class=\\"PriceLockup__StyledRateTextWrapper-crmhv4-4 inieGs\\"><div class=\\"sc-bdvvtL chLtDX sc-gKclnd gQsEUy sc-gKclnd gQsEUy\\"><div class=\\"sc-bdvvtL chLtDX\\"><span aria-hidden=\\"false\\" data-testid=\\"dollarSign\\" class=\\"PriceLockup__StyledDollarSign-crmhv4-2 bsmnqF\\">$</span><span data-testid=\\"priceValue\\" aria-hidden=\\"false\\" class=\\"PriceLockup__StyledPriceValue-crmhv4-1 pjRFu\\">259</span><span data-testid=\\"priceValue\\" class=\\"PriceLockup__StyledPriceValue-crmhv4-1 pjRFu\\"><span class=\\"Text__StyledText-sc-1m0rr67-0 sc-iCfMLu fMvSxW fqtOUC\\"></span></span></div></div></div></div></div></div><div class=\\"sc-bdvvtL iaciPl\\"><hr class=\\"HairlineDivider__StyledHairlineDivider-biamlk-0 BvZCb\\"><p class=\\"Paragraph__StyledParagraph-efl81j-0 jukEfT\\">TELUS Easy Payment and Bring-It-Back applied. Read legal footnote Taxes due upfront.</p></div></div>"`;
